
ASEM-51 V1.4a2                                        Copyright (c) 2008 by W.W. Heinz                                        PAGE 1





       MCS-51 Family Macro Assembler   A S E M - 5 1   V 1.4a2
       =======================================================



	Source File:	tmp/webasm10567.a51
	Object File:	tmp/webasm10567.hex
	List File:	tmp/webasm10567.lst



 Line  I  Addr  Code            Source

    1:		N      0000	ORG   0H
    2:				;MOV   A,#38H;INIT. LCD 2 LINES, 5X7 MATRIX
    3:				;ACALL COMNWRT ;call command subroutine
    4:				;ACALL DELAY   ;give LCD some time
    5:	  0000	74 0C		MOV   A,#0CH;display on, cursor off
    6:	  0002	11 14		ACALL COMNWRT ;call command subroutine
    7:				;ACALL DELAY   ;give LCD some time
    8:	  0004	74 01		MOV   A,#01;clear LCD
    9:	  0006	11 14		ACALL COMNWRT ;call command subroutine
   10:				;ACALL DELAY   ;give LCD some time
   11:				;MOV   A,#06H;shift cursor right
   12:				;ACALL COMNWRT ;call command subroutine
   13:				;ACALL DELAY   ;give LCD some time
   14:	  0008	74 80		MOV   A,#80H;cursor at line 1, pos. 0
   15:	  000A	11 14		ACALL COMNWRT ;call command subroutine
   16:				;ACALL DELAY   ;give LCD some time
   17:
   18:	  000C	74 4E		MOV   A,#4EH ;display letter N
   19:	  000E	11 21		ACALL DATAWRT  ;call display subroutine
   20:				;ACALL DELAY    ;give LCD some time
   21:	  0010	74 4F		MOV   A,#4FH ;display letter O
   22:	  0012	11 21		ACALL DATAWRT  ;call display subroutine
   23:				;AGAIN:  SJMP  AGAIN    ;stay here
   24:
   25:	  0014			COMNWRT:               ;send command to LCD
   26:	  0014	11 2E		ACALL READY       ;is LCD ready?
   27:	  0016	F5 A0		MOV   P2,A     ;copy regA to port 1
   28:	  0018	C2 B0		CLR   P3.0     ;RS=0 for command
   29:	  001A	C2 B1		CLR   P3.1     ;R/W=0 for write
   30:	  001C	D2 B2		SETB  P3.2     ;E=1 for high pulse
   31:				;ACALL DELAY    ;give LCD some time
   32:	  001E	C2 B2		CLR   P3.2     ;E=0 for H-to-L pulse
   33:	  0020	22		RET
   34:
   35:	  0021			DATAWRT:               ;write data to LCD
   36:	  0021	11 2E		ACALL READY       ;is LCD ready?
   37:	  0023	F5 A0		MOV   P2,A     ;copy regA to port 1
   38:	  0025	D2 B0		SETB  P3.0     ;RS=1 for data
   39:	  0027	C2 B1		CLR   P3.1     ;R/W=0 for write
   40:	  0029	D2 B2		SETB  P3.2     ;E=1 for high pulse
   41:				;ACALL DELAY    ;give LCD some time
   42:	  002B	C2 B2		CLR   P3.2     ;E=0 for H-to-L pulse
   43:	  002D	22		RET

ASEM-51 V1.4a2                                        Copyright (c) 2008 by W.W. Heinz                                        PAGE 2



 Line  I  Addr  Code            Source

   44:
   45:	  002E			READY:
   46:	  002E	C0 E0		PUSH  0E0H
   47:	  0030	74 FF		MOV   A,#0FFH
   48:	  0032	F5 A0		MOV   P2,A        ;make P2.7 input port
   49:	  0034	D0 E0		POP   0E0H
   50:	  0036	C2 B0		CLR   P3.0        ;RS=0 access command reg
   51:	  0038	D2 B1		SETB  P3.1        ;R/W=1 read command reg
   52:				;read command regand check busy flag
   53:	  003A	D2 B2		BACK:SETB  P3.2        ;E=1 for H-to-L pulse
   54:	  003C	C2 B2		CLR   P3.2        ;E=0 H-to-L pulse
   55:	  003E	20 A7 F9	JB    P2.7,BACK   ;stay until busy flag=0
   56:	  0041	22		RET
   57:
   58:				END





                     register banks used:  ---

                     no errors




ASEM-51 V1.4a2                                        Copyright (c) 2008 by W.W. Heinz                                        PAGE 3





	       L I S T   O F   S Y M B O L S
	       =============================


SYMBOL				  TYPE     VALUE	LINE
------------------------------------------------------------
??ASEM_51			  NUMBER    8051
??VERSION			  NUMBER    0140
AC				  BIT	      D6
ACC				  DATA	      E0
B				  DATA	      F0
BACK				  CODE	    003A	  53
COMNWRT				  CODE	    0014	  25
CY				  BIT	      D7
DATAWRT				  CODE	    0021	  35
DPH				  DATA	      83
DPL				  DATA	      82
EA				  BIT	      AF
ES				  BIT	      AC
ET0				  BIT	      A9
ET1				  BIT	      AB
EX0				  BIT	      A8
EX1				  BIT	      AA
EXTI0				  CODE	    0003
EXTI1				  CODE	    0013
F0				  BIT	      D5
IE				  DATA	      A8
IE0				  BIT	      89
IE1				  BIT	      8B
INT0				  BIT	      B2
INT1				  BIT	      B3
IP				  DATA	      B8
IT0				  BIT	      88
IT1				  BIT	      8A
OV				  BIT	      D2
P				  BIT	      D0
P0				  DATA	      80
P1				  DATA	      90
P2				  DATA	      A0
P3				  DATA	      B0
PCON				  DATA	      87
PS				  BIT	      BC
PSW				  DATA	      D0
PT0				  BIT	      B9
PT1				  BIT	      BB
PX0				  BIT	      B8
PX1				  BIT	      BA
RB8				  BIT	      9A
RD				  BIT	      B7
READY				  CODE	    002E	  45
REN				  BIT	      9C
RESET				  CODE	    0000
RI				  BIT	      98
RS0				  BIT	      D3
RS1				  BIT	      D4
RXD				  BIT	      B0

ASEM-51 V1.4a2                                        Copyright (c) 2008 by W.W. Heinz                                        PAGE 4



SYMBOL				  TYPE     VALUE	LINE
------------------------------------------------------------
SBUF				  DATA	      99
SCON				  DATA	      98
SINT				  CODE	    0023
SM0				  BIT	      9F
SM1				  BIT	      9E
SM2				  BIT	      9D
SP				  DATA	      81
T0				  BIT	      B4
T1				  BIT	      B5
TB8				  BIT	      9B
TCON				  DATA	      88
TF0				  BIT	      8D
TF1				  BIT	      8F
TH0				  DATA	      8C
TH1				  DATA	      8D
TI				  BIT	      99
TIMER0				  CODE	    000B
TIMER1				  CODE	    001B
TL0				  DATA	      8A
TL1				  DATA	      8B
TMOD				  DATA	      89
TR0				  BIT	      8C
TR1				  BIT	      8E
TXD				  BIT	      B1
WR				  BIT	      B6
